Program:
    ClassDecl: ID(name=Main) @ 1:1
        MainMethodDecl: @ 2:5
            ID: args @ 2:38
            Compound: @ 2:44
                While: @ 3:9
                    Constant: int, 1 @ 3:15
                    Compound: @ 3:18
                        Assignment: = @ 4:13
                            ID: i @ 4:13
                            BinaryOp: + @ 4:15
                                ID: i @ 4:15
                                Constant: int, 1 @ 4:17
