Program:
    ClassDecl: ID(name=Main) @ 1:1
        MainMethodDecl: @ 2:5
            ID: args @ 2:38
            Compound: @ 2:44
                Assignment: = @ 3:9
                    ID: n @ 3:9
                    BinaryOp: + @ 3:11
                        ID: n @ 3:11
                        Constant: int, 1 @ 3:13
                Assignment: = @ 4:9
                    ID: n @ 4:9
                    BinaryOp: - @ 4:11
                        ID: n @ 4:11
                        Constant: int, 1 @ 4:13
                Assignment: = @ 5:9
                    ID: n @ 5:9
                    BinaryOp: % @ 5:11
                        ID: n @ 5:11
                        Constant: int, 0 @ 5:13
                Assignment: = @ 6:9
                    ID: n @ 6:9
                    BinaryOp: * @ 6:11
                        ID: n @ 6:11
                        Constant: int, 10 @ 6:13
                Assignment: = @ 7:9
                    ID: n @ 7:9
                    BinaryOp: / @ 7:11
                        ID: n @ 7:11
                        Constant: int, 4 @ 7:13
