SemanticError: The target of the length operation must be of type array or String @ 4:15
