SemanticError: f method has already been defined @ 9:5
