SemanticError: Field a has already been defined @ 3:9
