SemanticError: Integer is not a class type @ 3:17
