SemanticError: Assert expression must be of type(bool) @ 4:9
