SemanticError: Test class has already been defined @ 11:1
