SemanticError: Binary operator > does not have matching LHS/RHS types @ 7:16
