SemanticError: Parameter x has already been defined @ 2:25
