SemanticError: sum is not defined in the class @ 10:25
