SemanticError: Type mismatch with parameter n @ 16:15
