SemanticError: Cannot do an ArrayRef of type(int) @ 4:15
