SemanticError: Expression must be a constant @ 4:20
