SemanticError: Cannot assign type(char) to type(int) @ 7:13
