SemanticError: The type of x must be a class @ 4:15
