LexToken(CLASS,'class',1,0)
LexToken(ID,'Main',1,6)
LexToken(LBRACE,'{',1,11)
LexToken(PUBLIC,'public',2,17)
LexToken(STATIC,'static',2,24)
LexToken(VOID,'void',2,31)
LexToken(MAIN,'main',2,36)
LexToken(LPAREN,'(',2,40)
LexToken(STRING,'String',2,41)
LexToken(LBRACKET,'[',2,47)
LexToken(RBRACKET,']',2,48)
LexToken(ID,'args',2,50)
LexToken(RPAREN,')',2,54)
LexToken(LBRACE,'{',2,56)
Lexical error: Illegal character '#' at 3:9
LexToken(ID,'This',3,68)
LexToken(ID,'do',3,73)
LexToken(ID,'nothing',3,76)
LexToken(RBRACE,'}',4,88)
LexToken(RBRACE,'}',5,90)
