LexToken(CLASS,'class',1,0)
LexToken(ID,'Main',1,6)
LexToken(LBRACE,'{',1,11)
LexToken(PUBLIC,'public',2,17)
LexToken(STATIC,'static',2,24)
LexToken(VOID,'void',2,31)
LexToken(MAIN,'main',2,36)
LexToken(LPAREN,'(',2,40)
LexToken(STRING,'String',2,41)
LexToken(LBRACKET,'[',2,47)
LexToken(RBRACKET,']',2,48)
LexToken(ID,'args',2,50)
LexToken(RPAREN,')',2,54)
LexToken(LBRACE,'{',2,56)
LexToken(CHAR,'char',3,66)
LexToken(LBRACKET,'[',3,70)
LexToken(RBRACKET,']',3,71)
LexToken(ID,'v',3,73)
LexToken(ASSIGN,'=',3,75)
LexToken(LBRACE,'{',3,77)
LexToken(CHAR_LITERAL,"'a'",3,78)
LexToken(COMMA,',',3,81)
LexToken(CHAR_LITERAL,"'b'",3,83)
LexToken(COMMA,',',3,86)
LexToken(CHAR_LITERAL,"'c'",3,88)
LexToken(COMMA,',',3,91)
LexToken(CHAR_LITERAL,"'d'",3,93)
LexToken(RBRACE,'}',3,96)
LexToken(SEMI,';',3,97)
LexToken(FOR,'for',4,107)
LexToken(LPAREN,'(',4,111)
LexToken(INT,'int',4,112)
LexToken(ID,'i',4,116)
LexToken(ASSIGN,'=',4,118)
LexToken(INT_LITERAL,'0',4,120)
LexToken(SEMI,';',4,121)
LexToken(ID,'i',4,123)
LexToken(LT,'<',4,125)
LexToken(INT_LITERAL,'4',4,127)
LexToken(SEMI,';',4,128)
LexToken(ID,'i',4,130)
LexToken(ASSIGN,'=',4,132)
LexToken(ID,'i',4,134)
LexToken(PLUS,'+',4,136)
LexToken(INT_LITERAL,'1',4,138)
LexToken(RPAREN,')',4,139)
LexToken(LBRACE,'{',4,141)
LexToken(PRINT,'print',5,155)
LexToken(LPAREN,'(',5,160)
LexToken(ID,'v',5,161)
LexToken(LBRACKET,'[',5,162)
LexToken(ID,'i',5,163)
LexToken(RBRACKET,']',5,164)
LexToken(RPAREN,')',5,165)
LexToken(SEMI,';',5,166)
LexToken(BREAK,'break',6,180)
LexToken(SEMI,';',6,185)
LexToken(RBRACE,'}',7,195)
LexToken(RBRACE,'}',8,201)
LexToken(RBRACE,'}',9,203)
